[14.953s] DEBUG:colcon:Command line arguments: ['/usr/bin/colcon', 'build', '--packages-select', 'cam_navigation']
[14.953s] DEBUG:colcon:Parsed command line arguments: Namespace(allow_overriding=[], ament_cmake_args=None, base_paths=['.'], build_base='build', catkin_cmake_args=None, catkin_skip_building_tests=False, cmake_args=None, cmake_clean_cache=False, cmake_clean_first=False, cmake_force_configure=False, cmake_target=None, cmake_target_skip_unavailable=False, continue_on_error=False, event_handlers=None, executor='parallel', ignore_user_meta=False, install_base='install', log_base=None, log_level=None, main=<bound method BuildVerb.main of <colcon_core.verb.build.BuildVerb object at 0x7fac362d30>>, merge_install=False, metas=['./colcon.meta'], packages_above=None, packages_above_and_dependencies=None, packages_above_depth=None, packages_end=None, packages_ignore=None, packages_ignore_regex=None, packages_select=['cam_navigation'], packages_select_build_failed=False, packages_select_by_dep=None, packages_select_regex=None, packages_select_test_failures=False, packages_skip=None, packages_skip_build_finished=False, packages_skip_by_dep=None, packages_skip_regex=None, packages_skip_test_passed=False, packages_skip_up_to=None, packages_start=None, packages_up_to=None, packages_up_to_regex=None, parallel_workers=4, paths=None, symlink_install=False, test_result_base=None, verb_extension=<colcon_core.verb.build.BuildVerb object at 0x7fac362d30>, verb_name='build', verb_parser=<colcon_defaults.argument_parser.defaults.DefaultArgumentsDecorator object at 0x7fac0d9b50>)
[15.508s] Level 1:colcon.colcon_core.package_discovery:discover_packages(colcon_meta) check parameters
[15.509s] Level 1:colcon.colcon_core.package_discovery:discover_packages(recursive) check parameters
[15.509s] Level 1:colcon.colcon_core.package_discovery:discover_packages(ignore) check parameters
[15.509s] Level 1:colcon.colcon_core.package_discovery:discover_packages(path) check parameters
[15.509s] Level 1:colcon.colcon_core.package_discovery:discover_packages(colcon_meta) discover
[15.510s] Level 1:colcon.colcon_core.package_discovery:discover_packages(recursive) discover
[15.510s] INFO:colcon.colcon_core.package_discovery:Crawling recursively for packages in '/home/puzzlebot/ros2_ws/src/cam_navigation/cam_navigation'
[15.510s] Level 1:colcon.colcon_core.package_identification:_identify(.) by extensions ['ignore', 'ignore_ament_install']
[15.511s] Level 1:colcon.colcon_core.package_identification:_identify(.) by extension 'ignore'
[15.511s] Level 1:colcon.colcon_core.package_identification:_identify(.) by extension 'ignore_ament_install'
[15.511s] Level 1:colcon.colcon_core.package_identification:_identify(.) by extensions ['colcon_pkg']
[15.511s] Level 1:colcon.colcon_core.package_identification:_identify(.) by extension 'colcon_pkg'
[15.511s] Level 1:colcon.colcon_core.package_identification:_identify(.) by extensions ['colcon_meta']
[15.512s] Level 1:colcon.colcon_core.package_identification:_identify(.) by extension 'colcon_meta'
[15.512s] Level 1:colcon.colcon_core.package_identification:_identify(.) by extensions ['ros']
[15.512s] Level 1:colcon.colcon_core.package_identification:_identify(.) by extension 'ros'
[15.590s] Level 1:colcon.colcon_core.package_identification:_identify(.) by extensions ['cmake', 'python']
[15.590s] Level 1:colcon.colcon_core.package_identification:_identify(.) by extension 'cmake'
[15.590s] Level 1:colcon.colcon_core.package_identification:_identify(.) by extension 'python'
[15.590s] Level 1:colcon.colcon_core.package_identification:_identify(.) by extensions ['python_setup_py']
[15.590s] Level 1:colcon.colcon_core.package_identification:_identify(.) by extension 'python_setup_py'
[15.591s] Level 1:colcon.colcon_core.package_identification:_identify(build) by extensions ['ignore', 'ignore_ament_install']
[15.591s] Level 1:colcon.colcon_core.package_identification:_identify(build) by extension 'ignore'
[15.592s] Level 1:colcon.colcon_core.package_identification:_identify(build) ignored
[15.592s] Level 1:colcon.colcon_core.package_identification:_identify(install) by extensions ['ignore', 'ignore_ament_install']
[15.593s] Level 1:colcon.colcon_core.package_identification:_identify(install) by extension 'ignore'
[15.593s] Level 1:colcon.colcon_core.package_identification:_identify(install) ignored
[15.594s] Level 1:colcon.colcon_core.package_identification:_identify(log) by extensions ['ignore', 'ignore_ament_install']
[15.594s] Level 1:colcon.colcon_core.package_identification:_identify(log) by extension 'ignore'
[15.594s] Level 1:colcon.colcon_core.package_identification:_identify(log) ignored
[15.594s] Level 1:colcon.colcon_core.package_discovery:discover_packages(recursive) using defaults
[15.594s] Level 1:colcon.colcon_core.package_discovery:discover_packages(ignore) discover
[15.595s] Level 1:colcon.colcon_core.package_discovery:discover_packages(ignore) using defaults
[15.595s] Level 1:colcon.colcon_core.package_discovery:discover_packages(path) discover
[15.595s] Level 1:colcon.colcon_core.package_discovery:discover_packages(path) using defaults
[15.670s] WARNING:colcon.colcon_core.package_selection:ignoring unknown package 'cam_navigation' in --packages-select
[16.059s] Level 1:colcon.colcon_core.package_discovery:discover_packages(prefix_path) check parameters
[16.060s] Level 1:colcon.colcon_core.package_discovery:discover_packages(prefix_path) discover
[16.218s] DEBUG:colcon.colcon_installed_package_information.package_discovery:Found 0 installed packages in /home/puzzlebot/ros2_ws/src/cam_navigation/cam_navigation/install
[16.299s] DEBUG:colcon.colcon_installed_package_information.package_discovery:Found 8 installed packages in /home/puzzlebot/ros2_ws/install
[16.378s] DEBUG:colcon.colcon_installed_package_information.package_discovery:Found 5 installed packages in /home/puzzlebot/ros2_packages_ws/install
[16.458s] DEBUG:colcon.colcon_installed_package_information.package_discovery:Found 276 installed packages in /opt/ros/humble
[16.467s] Level 1:colcon.colcon_core.package_discovery:discover_packages(prefix_path) using defaults
[17.087s] INFO:colcon.colcon_core.executor:Executing jobs using 'parallel' executor
[17.158s] DEBUG:colcon.colcon_parallel_executor.executor.parallel:run_until_complete
[17.158s] DEBUG:colcon.colcon_parallel_executor.executor.parallel:closing loop
[17.159s] DEBUG:colcon.colcon_parallel_executor.executor.parallel:loop closed
[17.159s] DEBUG:colcon.colcon_parallel_executor.executor.parallel:run_until_complete finished with '0'
[17.160s] DEBUG:colcon.colcon_core.event_reactor:joining thread
[17.269s] INFO:colcon.colcon_core.plugin_system:Skipping extension 'colcon_notification.desktop_notification.terminal_notifier': Not used on non-Darwin systems
[17.269s] INFO:colcon.colcon_core.plugin_system:Skipping extension 'colcon_notification.desktop_notification.win32': Not used on non-Windows systems
[17.269s] INFO:colcon.colcon_notification.desktop_notification:Sending desktop notification using 'notify2'
[17.466s] DEBUG:colcon.colcon_core.event_reactor:joined thread
[17.586s] INFO:colcon.colcon_core.plugin_system:Skipping extension 'colcon_core.shell.bat': Not used on non-Windows systems
[17.587s] INFO:colcon.colcon_core.shell:Creating prefix script '/home/puzzlebot/ros2_ws/src/cam_navigation/cam_navigation/install/local_setup.ps1'
[17.592s] INFO:colcon.colcon_core.shell:Creating prefix util module '/home/puzzlebot/ros2_ws/src/cam_navigation/cam_navigation/install/_local_setup_util_ps1.py'
[17.603s] INFO:colcon.colcon_core.shell:Creating prefix chain script '/home/puzzlebot/ros2_ws/src/cam_navigation/cam_navigation/install/setup.ps1'
[17.685s] INFO:colcon.colcon_core.shell:Creating prefix script '/home/puzzlebot/ros2_ws/src/cam_navigation/cam_navigation/install/local_setup.sh'
[17.692s] INFO:colcon.colcon_core.shell:Creating prefix util module '/home/puzzlebot/ros2_ws/src/cam_navigation/cam_navigation/install/_local_setup_util_sh.py'
[17.694s] INFO:colcon.colcon_core.shell:Creating prefix chain script '/home/puzzlebot/ros2_ws/src/cam_navigation/cam_navigation/install/setup.sh'
[17.773s] INFO:colcon.colcon_core.shell:Creating prefix script '/home/puzzlebot/ros2_ws/src/cam_navigation/cam_navigation/install/local_setup.bash'
[17.777s] INFO:colcon.colcon_core.shell:Creating prefix chain script '/home/puzzlebot/ros2_ws/src/cam_navigation/cam_navigation/install/setup.bash'
[17.855s] INFO:colcon.colcon_core.shell:Creating prefix script '/home/puzzlebot/ros2_ws/src/cam_navigation/cam_navigation/install/local_setup.zsh'
[17.860s] INFO:colcon.colcon_core.shell:Creating prefix chain script '/home/puzzlebot/ros2_ws/src/cam_navigation/cam_navigation/install/setup.zsh'
