[15.388s] DEBUG:colcon:Command line arguments: ['/usr/bin/colcon', 'build', '--packages-select', 'cam_navigation']
[15.388s] DEBUG:colcon:Parsed command line arguments: Namespace(allow_overriding=[], ament_cmake_args=None, base_paths=['.'], build_base='build', catkin_cmake_args=None, catkin_skip_building_tests=False, cmake_args=None, cmake_clean_cache=False, cmake_clean_first=False, cmake_force_configure=False, cmake_target=None, cmake_target_skip_unavailable=False, continue_on_error=False, event_handlers=None, executor='parallel', ignore_user_meta=False, install_base='install', log_base=None, log_level=None, main=<bound method BuildVerb.main of <colcon_core.verb.build.BuildVerb object at 0x7f918c7d30>>, merge_install=False, metas=['./colcon.meta'], packages_above=None, packages_above_and_dependencies=None, packages_above_depth=None, packages_end=None, packages_ignore=None, packages_ignore_regex=None, packages_select=['cam_navigation'], packages_select_build_failed=False, packages_select_by_dep=None, packages_select_regex=None, packages_select_test_failures=False, packages_skip=None, packages_skip_build_finished=False, packages_skip_by_dep=None, packages_skip_regex=None, packages_skip_test_passed=False, packages_skip_up_to=None, packages_start=None, packages_up_to=None, packages_up_to_regex=None, parallel_workers=4, paths=None, symlink_install=False, test_result_base=None, verb_extension=<colcon_core.verb.build.BuildVerb object at 0x7f918c7d30>, verb_name='build', verb_parser=<colcon_defaults.argument_parser.defaults.DefaultArgumentsDecorator object at 0x7f9163fac0>)
[15.950s] Level 1:colcon.colcon_core.package_discovery:discover_packages(colcon_meta) check parameters
[15.951s] Level 1:colcon.colcon_core.package_discovery:discover_packages(recursive) check parameters
[15.951s] Level 1:colcon.colcon_core.package_discovery:discover_packages(ignore) check parameters
[15.951s] Level 1:colcon.colcon_core.package_discovery:discover_packages(path) check parameters
[15.951s] Level 1:colcon.colcon_core.package_discovery:discover_packages(colcon_meta) discover
[15.951s] Level 1:colcon.colcon_core.package_discovery:discover_packages(recursive) discover
[15.952s] INFO:colcon.colcon_core.package_discovery:Crawling recursively for packages in '/home/puzzlebot/ros2_ws/src/cam_navigation/cam_navigation'
[15.952s] Level 1:colcon.colcon_core.package_identification:_identify(.) by extensions ['ignore', 'ignore_ament_install']
[15.952s] Level 1:colcon.colcon_core.package_identification:_identify(.) by extension 'ignore'
[15.953s] Level 1:colcon.colcon_core.package_identification:_identify(.) by extension 'ignore_ament_install'
[15.953s] Level 1:colcon.colcon_core.package_identification:_identify(.) by extensions ['colcon_pkg']
[15.953s] Level 1:colcon.colcon_core.package_identification:_identify(.) by extension 'colcon_pkg'
[15.953s] Level 1:colcon.colcon_core.package_identification:_identify(.) by extensions ['colcon_meta']
[15.953s] Level 1:colcon.colcon_core.package_identification:_identify(.) by extension 'colcon_meta'
[15.954s] Level 1:colcon.colcon_core.package_identification:_identify(.) by extensions ['ros']
[15.954s] Level 1:colcon.colcon_core.package_identification:_identify(.) by extension 'ros'
[16.026s] Level 1:colcon.colcon_core.package_identification:_identify(.) by extensions ['cmake', 'python']
[16.027s] Level 1:colcon.colcon_core.package_identification:_identify(.) by extension 'cmake'
[16.027s] Level 1:colcon.colcon_core.package_identification:_identify(.) by extension 'python'
[16.027s] Level 1:colcon.colcon_core.package_identification:_identify(.) by extensions ['python_setup_py']
[16.027s] Level 1:colcon.colcon_core.package_identification:_identify(.) by extension 'python_setup_py'
[16.028s] Level 1:colcon.colcon_core.package_identification:_identify(build) by extensions ['ignore', 'ignore_ament_install']
[16.028s] Level 1:colcon.colcon_core.package_identification:_identify(build) by extension 'ignore'
[16.028s] Level 1:colcon.colcon_core.package_identification:_identify(build) ignored
[16.029s] Level 1:colcon.colcon_core.package_identification:_identify(install) by extensions ['ignore', 'ignore_ament_install']
[16.029s] Level 1:colcon.colcon_core.package_identification:_identify(install) by extension 'ignore'
[16.029s] Level 1:colcon.colcon_core.package_identification:_identify(install) ignored
[16.029s] Level 1:colcon.colcon_core.package_identification:_identify(log) by extensions ['ignore', 'ignore_ament_install']
[16.030s] Level 1:colcon.colcon_core.package_identification:_identify(log) by extension 'ignore'
[16.030s] Level 1:colcon.colcon_core.package_identification:_identify(log) ignored
[16.030s] Level 1:colcon.colcon_core.package_discovery:discover_packages(recursive) using defaults
[16.030s] Level 1:colcon.colcon_core.package_discovery:discover_packages(ignore) discover
[16.031s] Level 1:colcon.colcon_core.package_discovery:discover_packages(ignore) using defaults
[16.031s] Level 1:colcon.colcon_core.package_discovery:discover_packages(path) discover
[16.031s] Level 1:colcon.colcon_core.package_discovery:discover_packages(path) using defaults
[16.108s] WARNING:colcon.colcon_core.package_selection:ignoring unknown package 'cam_navigation' in --packages-select
[16.492s] Level 1:colcon.colcon_core.package_discovery:discover_packages(prefix_path) check parameters
[16.493s] Level 1:colcon.colcon_core.package_discovery:discover_packages(prefix_path) discover
[16.647s] DEBUG:colcon.colcon_installed_package_information.package_discovery:Found 8 installed packages in /home/puzzlebot/ros2_ws/install
[16.718s] DEBUG:colcon.colcon_installed_package_information.package_discovery:Found 5 installed packages in /home/puzzlebot/ros2_packages_ws/install
[16.793s] DEBUG:colcon.colcon_installed_package_information.package_discovery:Found 276 installed packages in /opt/ros/humble
[16.802s] Level 1:colcon.colcon_core.package_discovery:discover_packages(prefix_path) using defaults
[17.408s] INFO:colcon.colcon_core.executor:Executing jobs using 'parallel' executor
[17.478s] DEBUG:colcon.colcon_parallel_executor.executor.parallel:run_until_complete
[17.478s] DEBUG:colcon.colcon_parallel_executor.executor.parallel:closing loop
[17.479s] DEBUG:colcon.colcon_parallel_executor.executor.parallel:loop closed
[17.479s] DEBUG:colcon.colcon_parallel_executor.executor.parallel:run_until_complete finished with '0'
[17.479s] DEBUG:colcon.colcon_core.event_reactor:joining thread
[17.582s] INFO:colcon.colcon_core.plugin_system:Skipping extension 'colcon_notification.desktop_notification.terminal_notifier': Not used on non-Darwin systems
[17.583s] INFO:colcon.colcon_core.plugin_system:Skipping extension 'colcon_notification.desktop_notification.win32': Not used on non-Windows systems
[17.583s] INFO:colcon.colcon_notification.desktop_notification:Sending desktop notification using 'notify2'
[17.657s] DEBUG:colcon.colcon_core.event_reactor:joined thread
[17.752s] INFO:colcon.colcon_core.plugin_system:Skipping extension 'colcon_core.shell.bat': Not used on non-Windows systems
[17.753s] INFO:colcon.colcon_core.shell:Creating prefix script '/home/puzzlebot/ros2_ws/src/cam_navigation/cam_navigation/install/local_setup.ps1'
[17.757s] INFO:colcon.colcon_core.shell:Creating prefix util module '/home/puzzlebot/ros2_ws/src/cam_navigation/cam_navigation/install/_local_setup_util_ps1.py'
[17.764s] INFO:colcon.colcon_core.shell:Creating prefix chain script '/home/puzzlebot/ros2_ws/src/cam_navigation/cam_navigation/install/setup.ps1'
[17.846s] INFO:colcon.colcon_core.shell:Creating prefix script '/home/puzzlebot/ros2_ws/src/cam_navigation/cam_navigation/install/local_setup.sh'
[17.848s] INFO:colcon.colcon_core.shell:Creating prefix util module '/home/puzzlebot/ros2_ws/src/cam_navigation/cam_navigation/install/_local_setup_util_sh.py'
[17.850s] INFO:colcon.colcon_core.shell:Creating prefix chain script '/home/puzzlebot/ros2_ws/src/cam_navigation/cam_navigation/install/setup.sh'
[17.928s] INFO:colcon.colcon_core.shell:Creating prefix script '/home/puzzlebot/ros2_ws/src/cam_navigation/cam_navigation/install/local_setup.bash'
[17.931s] INFO:colcon.colcon_core.shell:Creating prefix chain script '/home/puzzlebot/ros2_ws/src/cam_navigation/cam_navigation/install/setup.bash'
[18.010s] INFO:colcon.colcon_core.shell:Creating prefix script '/home/puzzlebot/ros2_ws/src/cam_navigation/cam_navigation/install/local_setup.zsh'
[18.013s] INFO:colcon.colcon_core.shell:Creating prefix chain script '/home/puzzlebot/ros2_ws/src/cam_navigation/cam_navigation/install/setup.zsh'
