[15.522s] DEBUG:colcon:Command line arguments: ['/usr/bin/colcon', 'build', '--packages-select', 'cam_navigation']
[15.522s] DEBUG:colcon:Parsed command line arguments: Namespace(allow_overriding=[], ament_cmake_args=None, base_paths=['.'], build_base='build', catkin_cmake_args=None, catkin_skip_building_tests=False, cmake_args=None, cmake_clean_cache=False, cmake_clean_first=False, cmake_force_configure=False, cmake_target=None, cmake_target_skip_unavailable=False, continue_on_error=False, event_handlers=None, executor='parallel', ignore_user_meta=False, install_base='install', log_base=None, log_level=None, main=<bound method BuildVerb.main of <colcon_core.verb.build.BuildVerb object at 0x7f9308fd30>>, merge_install=False, metas=['./colcon.meta'], packages_above=None, packages_above_and_dependencies=None, packages_above_depth=None, packages_end=None, packages_ignore=None, packages_ignore_regex=None, packages_select=['cam_navigation'], packages_select_build_failed=False, packages_select_by_dep=None, packages_select_regex=None, packages_select_test_failures=False, packages_skip=None, packages_skip_build_finished=False, packages_skip_by_dep=None, packages_skip_regex=None, packages_skip_test_passed=False, packages_skip_up_to=None, packages_start=None, packages_up_to=None, packages_up_to_regex=None, parallel_workers=4, paths=None, symlink_install=False, test_result_base=None, verb_extension=<colcon_core.verb.build.BuildVerb object at 0x7f9308fd30>, verb_name='build', verb_parser=<colcon_defaults.argument_parser.defaults.DefaultArgumentsDecorator object at 0x7f92e06d60>)
[16.097s] Level 1:colcon.colcon_core.package_discovery:discover_packages(colcon_meta) check parameters
[16.097s] Level 1:colcon.colcon_core.package_discovery:discover_packages(recursive) check parameters
[16.097s] Level 1:colcon.colcon_core.package_discovery:discover_packages(ignore) check parameters
[16.098s] Level 1:colcon.colcon_core.package_discovery:discover_packages(path) check parameters
[16.098s] Level 1:colcon.colcon_core.package_discovery:discover_packages(colcon_meta) discover
[16.098s] Level 1:colcon.colcon_core.package_discovery:discover_packages(recursive) discover
[16.098s] INFO:colcon.colcon_core.package_discovery:Crawling recursively for packages in '/home/puzzlebot/ros2_ws/src/cam_navigation/cam_navigation'
[16.099s] Level 1:colcon.colcon_core.package_identification:_identify(.) by extensions ['ignore', 'ignore_ament_install']
[16.099s] Level 1:colcon.colcon_core.package_identification:_identify(.) by extension 'ignore'
[16.099s] Level 1:colcon.colcon_core.package_identification:_identify(.) by extension 'ignore_ament_install'
[16.100s] Level 1:colcon.colcon_core.package_identification:_identify(.) by extensions ['colcon_pkg']
[16.100s] Level 1:colcon.colcon_core.package_identification:_identify(.) by extension 'colcon_pkg'
[16.100s] Level 1:colcon.colcon_core.package_identification:_identify(.) by extensions ['colcon_meta']
[16.100s] Level 1:colcon.colcon_core.package_identification:_identify(.) by extension 'colcon_meta'
[16.100s] Level 1:colcon.colcon_core.package_identification:_identify(.) by extensions ['ros']
[16.101s] Level 1:colcon.colcon_core.package_identification:_identify(.) by extension 'ros'
[16.177s] Level 1:colcon.colcon_core.package_identification:_identify(.) by extensions ['cmake', 'python']
[16.177s] Level 1:colcon.colcon_core.package_identification:_identify(.) by extension 'cmake'
[16.178s] Level 1:colcon.colcon_core.package_identification:_identify(.) by extension 'python'
[16.178s] Level 1:colcon.colcon_core.package_identification:_identify(.) by extensions ['python_setup_py']
[16.178s] Level 1:colcon.colcon_core.package_identification:_identify(.) by extension 'python_setup_py'
[16.178s] Level 1:colcon.colcon_core.package_identification:_identify(build) by extensions ['ignore', 'ignore_ament_install']
[16.179s] Level 1:colcon.colcon_core.package_identification:_identify(build) by extension 'ignore'
[16.179s] Level 1:colcon.colcon_core.package_identification:_identify(build) ignored
[16.180s] Level 1:colcon.colcon_core.package_identification:_identify(install) by extensions ['ignore', 'ignore_ament_install']
[16.180s] Level 1:colcon.colcon_core.package_identification:_identify(install) by extension 'ignore'
[16.181s] Level 1:colcon.colcon_core.package_identification:_identify(install) ignored
[16.181s] Level 1:colcon.colcon_core.package_identification:_identify(log) by extensions ['ignore', 'ignore_ament_install']
[16.182s] Level 1:colcon.colcon_core.package_identification:_identify(log) by extension 'ignore'
[16.182s] Level 1:colcon.colcon_core.package_identification:_identify(log) ignored
[16.182s] Level 1:colcon.colcon_core.package_discovery:discover_packages(recursive) using defaults
[16.182s] Level 1:colcon.colcon_core.package_discovery:discover_packages(ignore) discover
[16.182s] Level 1:colcon.colcon_core.package_discovery:discover_packages(ignore) using defaults
[16.182s] Level 1:colcon.colcon_core.package_discovery:discover_packages(path) discover
[16.182s] Level 1:colcon.colcon_core.package_discovery:discover_packages(path) using defaults
[16.257s] WARNING:colcon.colcon_core.package_selection:ignoring unknown package 'cam_navigation' in --packages-select
[16.646s] Level 1:colcon.colcon_core.package_discovery:discover_packages(prefix_path) check parameters
[16.646s] Level 1:colcon.colcon_core.package_discovery:discover_packages(prefix_path) discover
[16.809s] DEBUG:colcon.colcon_installed_package_information.package_discovery:Found 0 installed packages in /home/puzzlebot/ros2_ws/src/cam_navigation/cam_navigation/install
[16.892s] DEBUG:colcon.colcon_installed_package_information.package_discovery:Found 8 installed packages in /home/puzzlebot/ros2_ws/install
[16.975s] DEBUG:colcon.colcon_installed_package_information.package_discovery:Found 5 installed packages in /home/puzzlebot/ros2_packages_ws/install
[17.053s] DEBUG:colcon.colcon_installed_package_information.package_discovery:Found 276 installed packages in /opt/ros/humble
[17.062s] Level 1:colcon.colcon_core.package_discovery:discover_packages(prefix_path) using defaults
[17.688s] INFO:colcon.colcon_core.executor:Executing jobs using 'parallel' executor
[17.758s] DEBUG:colcon.colcon_parallel_executor.executor.parallel:run_until_complete
[17.758s] DEBUG:colcon.colcon_parallel_executor.executor.parallel:closing loop
[17.759s] DEBUG:colcon.colcon_parallel_executor.executor.parallel:loop closed
[17.759s] DEBUG:colcon.colcon_parallel_executor.executor.parallel:run_until_complete finished with '0'
[17.759s] DEBUG:colcon.colcon_core.event_reactor:joining thread
[17.870s] INFO:colcon.colcon_core.plugin_system:Skipping extension 'colcon_notification.desktop_notification.terminal_notifier': Not used on non-Darwin systems
[17.870s] INFO:colcon.colcon_core.plugin_system:Skipping extension 'colcon_notification.desktop_notification.win32': Not used on non-Windows systems
[17.870s] INFO:colcon.colcon_notification.desktop_notification:Sending desktop notification using 'notify2'
[18.021s] DEBUG:colcon.colcon_core.event_reactor:joined thread
[18.146s] INFO:colcon.colcon_core.plugin_system:Skipping extension 'colcon_core.shell.bat': Not used on non-Windows systems
[18.147s] INFO:colcon.colcon_core.shell:Creating prefix script '/home/puzzlebot/ros2_ws/src/cam_navigation/cam_navigation/install/local_setup.ps1'
[18.153s] INFO:colcon.colcon_core.shell:Creating prefix util module '/home/puzzlebot/ros2_ws/src/cam_navigation/cam_navigation/install/_local_setup_util_ps1.py'
[18.162s] INFO:colcon.colcon_core.shell:Creating prefix chain script '/home/puzzlebot/ros2_ws/src/cam_navigation/cam_navigation/install/setup.ps1'
[18.242s] INFO:colcon.colcon_core.shell:Creating prefix script '/home/puzzlebot/ros2_ws/src/cam_navigation/cam_navigation/install/local_setup.sh'
[18.246s] INFO:colcon.colcon_core.shell:Creating prefix util module '/home/puzzlebot/ros2_ws/src/cam_navigation/cam_navigation/install/_local_setup_util_sh.py'
[18.247s] INFO:colcon.colcon_core.shell:Creating prefix chain script '/home/puzzlebot/ros2_ws/src/cam_navigation/cam_navigation/install/setup.sh'
[18.326s] INFO:colcon.colcon_core.shell:Creating prefix script '/home/puzzlebot/ros2_ws/src/cam_navigation/cam_navigation/install/local_setup.bash'
[18.332s] INFO:colcon.colcon_core.shell:Creating prefix chain script '/home/puzzlebot/ros2_ws/src/cam_navigation/cam_navigation/install/setup.bash'
[18.413s] INFO:colcon.colcon_core.shell:Creating prefix script '/home/puzzlebot/ros2_ws/src/cam_navigation/cam_navigation/install/local_setup.zsh'
[18.417s] INFO:colcon.colcon_core.shell:Creating prefix chain script '/home/puzzlebot/ros2_ws/src/cam_navigation/cam_navigation/install/setup.zsh'
